0 silly argv {
0 silly argv   _: [ 'run' ],
0 silly argv   scope: 'back-end-application',
0 silly argv   lernaVersion: '9.0.7',
0 silly argv   '$0': '/Users/sanjeetdutt/Documents/PERSONAL/Technology-Stack/Technology-Stack/Project/Blogging Site/code/node_modules/.bin/lerna',
0 silly argv   script: 'dev'
0 silly argv }
1 notice cli v9.0.7
2 verbose packageConfigs Resolving packages based on package.json "workspaces" configuration.
3 verbose rootPath /Users/sanjeetdutt/Documents/PERSONAL/Technology-Stack/Technology-Stack/Project/Blogging Site/code
4 error ReferenceError: structuredClone is not defined
4 error     at deepClone (/Users/sanjeetdutt/Documents/PERSONAL/Technology-Stack/Technology-Stack/Project/Blogging Site/code/node_modules/lerna/node_modules/nx/dist/src/project-graph/utils/project-configuration/target-merging.js:16:5)
4 error     at normalizeTargets (/Users/sanjeetdutt/Documents/PERSONAL/Technology-Stack/Technology-Stack/Project/Blogging Site/code/node_modules/lerna/node_modules/nx/dist/src/project-graph/utils/project-configuration/target-normalization.js:78:63)
4 error     at validateAndNormalizeProjectRootMap (/Users/sanjeetdutt/Documents/PERSONAL/Technology-Stack/Technology-Stack/Project/Blogging Site/code/node_modules/lerna/node_modules/nx/dist/src/project-graph/utils/project-configuration/target-normalization.js:152:13)
4 error     at mergeCreateNodesResults (/Users/sanjeetdutt/Documents/PERSONAL/Technology-Stack/Technology-Stack/Project/Blogging Site/code/node_modules/lerna/node_modules/nx/dist/src/project-graph/utils/project-configuration-utils.js:161:71)
4 error     at /Users/sanjeetdutt/Documents/PERSONAL/Technology-Stack/Technology-Stack/Project/Blogging Site/code/node_modules/lerna/node_modules/nx/dist/src/project-graph/utils/project-configuration-utils.js:73:85
4 error     at async buildProjectGraphAndSourceMapsWithoutDaemon (/Users/sanjeetdutt/Documents/PERSONAL/Technology-Stack/Technology-Stack/Project/Blogging Site/code/node_modules/lerna/node_modules/nx/dist/src/project-graph/project-graph.js:93:31)
4 error     at async createProjectGraphAndSourceMapsAsync (/Users/sanjeetdutt/Documents/PERSONAL/Technology-Stack/Technology-Stack/Project/Blogging Site/code/node_modules/lerna/node_modules/nx/dist/src/project-graph/project-graph.js:299:25)
4 error     at async createProjectGraphAsync (/Users/sanjeetdutt/Documents/PERSONAL/Technology-Stack/Technology-Stack/Project/Blogging Site/code/node_modules/lerna/node_modules/nx/dist/src/project-graph/project-graph.js:225:39)
4 error     at async detectProjects (/Users/sanjeetdutt/Documents/PERSONAL/Technology-Stack/Technology-Stack/Project/Blogging Site/code/node_modules/lerna/dist/index.js:3344:25)
